Vivado Simulator v2021.2
Copyright 1986-1999, 2001-2021 Xilinx, Inc. All Rights Reserved.
Running: E:/Xilinx/Vivado/2021.2/bin/unwrapped/win64.o/xelab.exe --debug typical --relax --mt 2 -L xil_defaultlib -L unisims_ver -L unimacro_ver -L secureip --snapshot tb_eclock_behav xil_defaultlib.tb_eclock xil_defaultlib.glbl -log elaborate.log 
Using 2 slave threads.
Starting static elaboration
Pass Through NonSizing Optimizer
Completed static elaboration
Starting simulation data flow analysis
Completed simulation data flow analysis
Time Resolution for simulation is 1ps
Compiling module xil_defaultlib.Divider100MHz_1Hz(DIVIDER=5)
Compiling module xil_defaultlib.sec_counter
Compiling module xil_defaultlib.min_counter
Compiling module xil_defaultlib.hour_counter
Compiling module xil_defaultlib.seg8_driver
Compiling module xil_defaultlib.alarmLED
Compiling module xil_defaultlib.ealarm
Compiling module xil_defaultlib.Hourly_Alarm
Compiling module xil_defaultlib.eclock
Compiling module xil_defaultlib.tb_eclock
Compiling module xil_defaultlib.glbl
Built simulation snapshot tb_eclock_behav
